<?xml version="1.0" encoding="utf-8"?><testsuites name="pytest tests"><testsuite name="pytest" errors="0" failures="0" skipped="1" tests="165" time="0.664" timestamp="2026-09-27T19:27:36.740377+05:30" hostname="DESKTOP-18FEPEM"><testcase classname="tests.generated.test_inventory" name="test_init_default_low_stock_level" time="0.151" /><testcase classname="tests.generated.test_inventory" name="test_init_custom_low_stock_level" time="0.001" /><testcase classname="tests.generated.test_inventory" name="test_init_stock_is_empty" time="0.001" /><testcase classname="tests.generated.test_inventory" name="test_init_negative_low_stock_level_raises" time="0.001" /><testcase classname="tests.generated.test_inventory" name="test_init_zero_low_stock_level_allowed" time="0.001" /><testcase classname="tests.generated.test_inventory" name="test_add_stock_valid" time="0.001" /><testcase classname="tests.generated.test_inventory" name="test_add_stock_accumulates" time="0.001" /><testcase classname="tests.generated.test_inventory" name="test_add_stock_sku_case_insensitive" time="0.001" /><testcase classname="tests.generated.test_inventory" name="test_add_stock_zero_quantity_raises" time="0.001" /><testcase classname="tests.generated.test_inventory" name="test_add_stock_negative_quantity_raises" time="0.001" /><testcase classname="tests.generated.test_inventory" name="test_add_stock_float_quantity_raises" time="0.001" /><testcase classname="tests.generated.test_inventory" name="test_remove_stock_valid" time="0.001" /><testcase classname="tests.generated.test_inventory" name="test_remove_stock_all_units" time="0.001" /><testcase classname="tests.generated.test_inventory" name="test_remove_stock_more_than_available_raises" time="0.001" /><testcase classname="tests.generated.test_inventory" name="test_remove_stock_unknown_sku_raises" time="0.001" /><testcase classname="tests.generated.test_inventory" name="test_remove_stock_count_unchanged_after_error" time="0.001" /><testcase classname="tests.generated.test_inventory" name="test_remove_stock_zero_quantity_raises" time="0.001" /><testcase classname="tests.generated.test_inventory" name="test_remove_stock_negative_quantity_raises" time="0.001" /><testcase classname="tests.generated.test_inventory" name="test_remove_stock_float_quantity_raises" time="0.001" /><testcase classname="tests.generated.test_inventory" name="test_remove_stock_case_insensitive" time="0.001" /><testcase classname="tests.generated.test_inventory" name="test_count_unknown_sku" time="0.001" /><testcase classname="tests.generated.test_inventory" name="test_count_after_add" time="0.001" /><testcase classname="tests.generated.test_inventory" name="test_count_case_insensitive" time="0.001" /><testcase classname="tests.generated.test_inventory" name="test_low_stock_empty_inventory" time="0.001" /><testcase classname="tests.generated.test_inventory" name="test_low_stock_at_threshold" time="0.001" /><testcase classname="tests.generated.test_inventory" name="test_low_stock_just_above_threshold" time="0.001" /><testcase classname="tests.generated.test_inventory" name="test_low_stock_sorted" time="0.001" /><testcase classname="tests.generated.test_inventory" name="test_low_stock_below_threshold" time="0.001" /><testcase classname="tests.generated.test_inventory" name="test_total_value_empty_inventory" time="0.001" /><testcase classname="tests.generated.test_inventory" name="test_total_value_correct_sum" time="0.001" /><testcase classname="tests.generated.test_inventory" name="test_total_value_rounded" time="0.001" /><testcase classname="tests.generated.test_inventory" name="test_total_value_missing_price_raises" time="0.001" /><testcase classname="tests.generated.test_orders" name="test_validate_line_valid" time="0.001" /><testcase classname="tests.generated.test_orders" name="test_validate_line_zero_price_valid" time="0.001" /><testcase classname="tests.generated.test_orders" name="test_validate_line_negative_price_raises" time="0.001" /><testcase classname="tests.generated.test_orders" name="test_validate_line_zero_quantity_raises" time="0.001" /><testcase classname="tests.generated.test_orders" name="test_validate_line_float_quantity_raises" time="0.001" /><testcase classname="tests.generated.test_orders" name="test_validate_line_negative_quantity_raises" time="0.001" /><testcase classname="tests.generated.test_orders" name="test_calculate_subtotal_empty_order" time="0.001" /><testcase classname="tests.generated.test_orders" name="test_calculate_subtotal_single_line" time="0.001" /><testcase classname="tests.generated.test_orders" name="test_calculate_subtotal_multiple_lines" time="0.001" /><testcase classname="tests.generated.test_orders" name="test_calculate_subtotal_rounding" time="0.001" /><testcase classname="tests.generated.test_orders" name="test_calculate_subtotal_negative_price_raises" time="0.001" /><testcase classname="tests.generated.test_orders" name="test_calculate_subtotal_invalid_quantity_raises" time="0.001" /><testcase classname="tests.generated.test_orders" name="test_apply_discount_zero_percent" time="0.001" /><testcase classname="tests.generated.test_orders" name="test_apply_discount_full_discount" time="0.001" /><testcase classname="tests.generated.test_orders" name="test_apply_discount_twenty_percent" time="0.001" /><testcase classname="tests.generated.test_orders" name="test_apply_discount_rounding" time="0.001" /><testcase classname="tests.generated.test_orders" name="test_apply_discount_negative_percent_raises" time="0.002" /><testcase classname="tests.generated.test_orders" name="test_apply_discount_over_100_raises" time="0.001"><skipped type="pytest.xfail" message="Possible bug: docs say a discount over 100% must raise ValueError, code returns a negative price" /></testcase><testcase classname="tests.generated.test_orders" name="test_shipping_cost_zero_subtotal" time="0.001" /><testcase classname="tests.generated.test_orders" name="test_shipping_cost_at_threshold" time="0.001" /><testcase classname="tests.generated.test_orders" name="test_shipping_cost_above_threshold" time="0.001" /><testcase classname="tests.generated.test_orders" name="test_shipping_cost_just_below_threshold" time="0.001" /><testcase classname="tests.generated.test_orders" name="test_shipping_cost_small_order" time="0.001" /><testcase classname="tests.generated.test_orders" name="test_calculate_tax_default_rate" time="0.001" /><testcase classname="tests.generated.test_orders" name="test_calculate_tax_zero_amount" time="0.001" /><testcase classname="tests.generated.test_orders" name="test_calculate_tax_custom_rate" time="0.001" /><testcase classname="tests.generated.test_orders" name="test_calculate_tax_rounding" time="0.001" /><testcase classname="tests.generated.test_orders" name="test_calculate_tax_negative_rate_raises" time="0.001" /><testcase classname="tests.generated.test_orders" name="test_calculate_total_empty_order" time="0.001" /><testcase classname="tests.generated.test_orders" name="test_calculate_total_with_shipping" time="0.001" /><testcase classname="tests.generated.test_orders" name="test_calculate_total_free_shipping" time="0.001" /><testcase classname="tests.generated.test_orders" name="test_calculate_total_with_discount" time="0.001" /><testcase classname="tests.generated.test_orders" name="test_calculate_total_invalid_line_raises" time="0.001" /><testcase classname="tests.generated.test_orders" name="test_calculate_total_discount_triggers_shipping" time="0.001" /><testcase classname="tests.generated.test_payments" name="test_luhn_check_valid_card" time="0.002" /><testcase classname="tests.generated.test_payments" name="test_luhn_check_valid_card_with_spaces" time="0.001" /><testcase classname="tests.generated.test_payments" name="test_luhn_check_valid_card_with_hyphens" time="0.001" /><testcase classname="tests.generated.test_payments" name="test_luhn_check_invalid_card" time="0.001" /><testcase classname="tests.generated.test_payments" name="test_luhn_check_empty_string" time="0.001" /><testcase classname="tests.generated.test_payments" name="test_luhn_check_non_digit_characters" time="0.001" /><testcase classname="tests.generated.test_payments" name="test_luhn_check_single_zero" time="0.001" /><testcase classname="tests.generated.test_payments" name="test_luhn_check_carry_reduction" time="0.001" /><testcase classname="tests.generated.test_payments" name="test_mask_card_standard_number" time="0.001" /><testcase classname="tests.generated.test_payments" name="test_mask_card_strips_spaces" time="0.001" /><testcase classname="tests.generated.test_payments" name="test_mask_card_strips_hyphens" time="0.001" /><testcase classname="tests.generated.test_payments" name="test_mask_card_exactly_four_digits" time="0.001" /><testcase classname="tests.generated.test_payments" name="test_mask_card_too_short_raises" time="0.001" /><testcase classname="tests.generated.test_payments" name="test_mask_card_empty_raises" time="0.001" /><testcase classname="tests.generated.test_payments" name="test_processing_fee_zero_amount" time="0.001" /><testcase classname="tests.generated.test_payments" name="test_processing_fee_ten_dollars" time="0.001" /><testcase classname="tests.generated.test_payments" name="test_processing_fee_hundred_dollars" time="0.001" /><testcase classname="tests.generated.test_payments" name="test_processing_fee_negative_raises" time="0.001" /><testcase classname="tests.generated.test_payments" name="test_processing_fee_rounding" time="0.001" /><testcase classname="tests.generated.test_payments" name="test_split_bill_even_split" time="0.001" /><testcase classname="tests.generated.test_payments" name="test_split_bill_leftover_cents" time="0.001" /><testcase classname="tests.generated.test_payments" name="test_split_bill_sum_equals_total" time="0.001" /><testcase classname="tests.generated.test_payments" name="test_split_bill_one_person" time="0.001" /><testcase classname="tests.generated.test_payments" name="test_split_bill_zero_amount" time="0.001" /><testcase classname="tests.generated.test_payments" name="test_split_bill_zero_people_raises" time="0.001" /><testcase classname="tests.generated.test_payments" name="test_split_bill_negative_people_raises" time="0.001" /><testcase classname="tests.generated.test_payments" name="test_split_bill_negative_amount_raises" time="0.001" /><testcase classname="tests.generated.test_payments" name="test_refund_amount_day_zero" time="0.001" /><testcase classname="tests.generated.test_payments" name="test_refund_amount_day_14_full_refund" time="0.001" /><testcase classname="tests.generated.test_payments" name="test_refund_amount_day_15_half_refund" time="0.001" /><testcase classname="tests.generated.test_payments" name="test_refund_amount_day_30_half_refund" time="0.001" /><testcase classname="tests.generated.test_payments" name="test_refund_amount_day_31_no_refund" time="0.001" /><testcase classname="tests.generated.test_payments" name="test_refund_amount_large_day_count" time="0.001" /><testcase classname="tests.generated.test_payments" name="test_refund_amount_negative_days_raises" time="0.001" /><testcase classname="tests.generated.test_payments" name="test_refund_amount_half_rounding" time="0.001" /><testcase classname="tests.generated.test_users" name="test_is_valid_email_valid" time="0.001" /><testcase classname="tests.generated.test_users" name="test_is_valid_email_simple" time="0.001" /><testcase classname="tests.generated.test_users" name="test_is_valid_email_ignores_surrounding_spaces" time="0.001" /><testcase classname="tests.generated.test_users" name="test_is_valid_email_case_insensitive" time="0.001" /><testcase classname="tests.generated.test_users" name="test_is_valid_email_missing_at" time="0.001" /><testcase classname="tests.generated.test_users" name="test_is_valid_email_no_tld" time="0.001" /><testcase classname="tests.generated.test_users" name="test_is_valid_email_empty_string" time="0.001" /><testcase classname="tests.generated.test_users" name="test_validate_username_valid" time="0.001" /><testcase classname="tests.generated.test_users" name="test_validate_username_min_length" time="0.001" /><testcase classname="tests.generated.test_users" name="test_validate_username_max_length" time="0.001" /><testcase classname="tests.generated.test_users" name="test_validate_username_too_short" time="0.001" /><testcase classname="tests.generated.test_users" name="test_validate_username_too_long" time="0.001" /><testcase classname="tests.generated.test_users" name="test_validate_username_uppercase_rejected" time="0.001" /><testcase classname="tests.generated.test_users" name="test_validate_username_spaces_rejected" time="0.001" /><testcase classname="tests.generated.test_users" name="test_validate_username_empty" time="0.001" /><testcase classname="tests.generated.test_users" name="test_is_adult_exactly_18" time="0.001" /><testcase classname="tests.generated.test_users" name="test_is_adult_above_18" time="0.001" /><testcase classname="tests.generated.test_users" name="test_is_adult_below_18" time="0.001" /><testcase classname="tests.generated.test_users" name="test_is_adult_zero" time="0.001" /><testcase classname="tests.generated.test_users" name="test_is_adult_large_age" time="0.001" /><testcase classname="tests.generated.test_users" name="test_is_adult_negative_raises" time="0.001" /><testcase classname="tests.generated.test_users" name="test_register_user_valid" time="0.001" /><testcase classname="tests.generated.test_users" name="test_register_user_name_is_title_cased" time="0.001" /><testcase classname="tests.generated.test_users" name="test_register_user_email_is_normalised" time="0.001" /><testcase classname="tests.generated.test_users" name="test_register_user_active_flag_true" time="0.002" /><testcase classname="tests.generated.test_users" name="test_register_user_invalid_email_raises" time="0.001" /><testcase classname="tests.generated.test_users" name="test_register_user_duplicate_email_raises" time="0.001" /><testcase classname="tests.generated.test_users" name="test_register_user_duplicate_email_case_insensitive_raises" time="0.001" /><testcase classname="tests.generated.test_users" name="test_register_user_invalid_username_raises" time="0.001" /><testcase classname="tests.generated.test_users" name="test_register_user_underage_raises" time="0.001" /><testcase classname="tests.generated.test_users" name="test_register_user_exactly_18_accepted" time="0.001" /><testcase classname="tests.generated.test_users" name="test_register_user_does_not_modify_existing_emails" time="0.001" /><testcase classname="tests.generated.test_utils" name="test_round_money_positive_half_up" time="0.001" /><testcase classname="tests.generated.test_utils" name="test_round_money_one_point_005" time="0.001" /><testcase classname="tests.generated.test_utils" name="test_round_money_negative_half_up" time="0.001" /><testcase classname="tests.generated.test_utils" name="test_round_money_zero" time="0.001" /><testcase classname="tests.generated.test_utils" name="test_round_money_already_rounded" time="0.001" /><testcase classname="tests.generated.test_utils" name="test_round_money_large_positive" time="0.001" /><testcase classname="tests.generated.test_utils" name="test_round_money_large_negative" time="0.001" /><testcase classname="tests.generated.test_utils" name="test_clamp_value_inside_range" time="0.001" /><testcase classname="tests.generated.test_utils" name="test_clamp_value_below_low" time="0.001" /><testcase classname="tests.generated.test_utils" name="test_clamp_value_above_high" time="0.001" /><testcase classname="tests.generated.test_utils" name="test_clamp_value_at_low_boundary" time="0.001" /><testcase classname="tests.generated.test_utils" name="test_clamp_value_at_high_boundary" time="0.001" /><testcase classname="tests.generated.test_utils" name="test_clamp_invalid_range_raises" time="0.001" /><testcase classname="tests.generated.test_utils" name="test_clamp_low_equals_high" time="0.001" /><testcase classname="tests.generated.test_utils" name="test_collapse_spaces_internal_spaces" time="0.001" /><testcase classname="tests.generated.test_utils" name="test_collapse_spaces_strips_ends" time="0.001" /><testcase classname="tests.generated.test_utils" name="test_collapse_spaces_tabs_and_spaces" time="0.001" /><testcase classname="tests.generated.test_utils" name="test_collapse_spaces_empty_string" time="0.001" /><testcase classname="tests.generated.test_utils" name="test_collapse_spaces_only_whitespace" time="0.001" /><testcase classname="tests.generated.test_utils" name="test_collapse_spaces_no_change_needed" time="0.001" /><testcase classname="tests.generated.test_utils" name="test_format_name_title_cases_both_parts" time="0.001" /><testcase classname="tests.generated.test_utils" name="test_format_name_collapses_interior_spaces" time="0.001" /><testcase classname="tests.generated.test_utils" name="test_format_name_last_empty" time="0.001" /><testcase classname="tests.generated.test_utils" name="test_format_name_first_empty" time="0.001" /><testcase classname="tests.generated.test_utils" name="test_format_name_both_empty_raises" time="0.001" /><testcase classname="tests.generated.test_utils" name="test_format_name_whitespace_only_raises" time="0.001" /><testcase classname="tests.generated.test_utils" name="test_format_name_already_title_cased" time="0.002" /><testcase classname="tests.generated.test_utils" name="test_format_name_faker_names_are_title_cased" time="0.001" /><testcase classname="tests.test_basic" name="test_slugify_simple_text" time="0.001" /><testcase classname="tests.test_basic" name="test_clamp_value_inside_range" time="0.001" /><testcase classname="tests.test_basic" name="test_shipping_free_for_large_order" time="0.001" /><testcase classname="tests.test_basic" name="test_normalize_email_lowercases" time="0.001" /></testsuite></testsuites>